============================= test session starts =============================
platform win32 -- Python 3.11.9, pytest-7.4.4, pluggy-1.6.0 -- C:\Program Files\Python311\python.exe
cachedir: .pytest_cache
rootdir: C:\Users\91701\Downloads\Cowork
plugins: anyio-4.11.0, asyncio-0.23.3
asyncio: mode=Mode.STRICT
collecting ... collected 2 items

tests/test_hardening.py::TestHardening::test_safe_mode_blocks_destructive ERROR [ 50%]
tests/test_hardening.py::TestHardening::test_main_enforces_timeout FAILED [100%]

=================================== ERRORS ====================================
______ ERROR at setup of TestHardening.test_safe_mode_blocks_destructive ______

self = <tests.test_hardening.TestHardening object at 0x000001D2A90F4490>

    @pytest.fixture
    def mock_executor_components(self):
        """Create mock components for executor."""
>       from assistant.execution.executor import ReliableExecutor, ExecutorConfig
E       ModuleNotFoundError: No module named 'assistant.execution'

tests\test_hardening.py:25: ModuleNotFoundError
================================== FAILURES ===================================
__________________ TestHardening.test_main_enforces_timeout ___________________

self = <tests.test_hardening.TestHardening object at 0x000001D2AADA2210>

    @pytest.mark.asyncio
    async def test_main_enforces_timeout(self):
        """Test that run_plan_execution in main.py enforces timeout."""
        # This requires mocking state.executor
        with patch("assistant.main.state") as mock_state:
            from assistant.ui_contracts.schemas import ActionStep, ExecutionPlan
>           from assistant.execution.executor import ExecutorConfig
E           ModuleNotFoundError: No module named 'assistant.execution'

tests\test_hardening.py:78: ModuleNotFoundError
------------------------------ Captured log call ------------------------------
WARNING  TTS:tts.py:25 playsound not installed. Audio playback will be disabled.
============================== warnings summary ===============================
tests/test_hardening.py::TestHardening::test_main_enforces_timeout
  C:\Users\91701\AppData\Roaming\Python\Python311\site-packages\pywinauto\__init__.py:80: UserWarning: Revert to STA COM threading mode
    warnings.warn("Revert to STA COM threading mode", UserWarning)

tests/test_hardening.py::TestHardening::test_main_enforces_timeout
  C:\Users\91701\Downloads\Cowork\assistant\ui_contracts\schemas.py:81: PydanticDeprecatedSince20: Support for class-based `config` is deprecated, use ConfigDict instead. Deprecated in Pydantic V2.0 to be removed in V3.0. See Pydantic V2 Migration Guide at https://errors.pydantic.dev/2.12/migration/
    class VerifySpec(BaseModel):

tests/test_hardening.py::TestHardening::test_main_enforces_timeout
  C:\Users\91701\Downloads\Cowork\assistant\ui_contracts\schemas.py:117: PydanticDeprecatedSince20: Support for class-based `config` is deprecated, use ConfigDict instead. Deprecated in Pydantic V2.0 to be removed in V3.0. See Pydantic V2 Migration Guide at https://errors.pydantic.dev/2.12/migration/
    class ActionStep(BaseModel):

tests/test_hardening.py::TestHardening::test_main_enforces_timeout
  C:\Users\91701\Downloads\Cowork\assistant\ui_contracts\schemas.py:240: PydanticDeprecatedSince20: Support for class-based `config` is deprecated, use ConfigDict instead. Deprecated in Pydantic V2.0 to be removed in V3.0. See Pydantic V2 Migration Guide at https://errors.pydantic.dev/2.12/migration/
    class AgentEvent(BaseModel):

tests/test_hardening.py::TestHardening::test_main_enforces_timeout
  C:\Users\91701\Downloads\Cowork\assistant\cloud\snapshot.py:15: PydanticDeprecatedSince20: Support for class-based `config` is deprecated, use ConfigDict instead. Deprecated in Pydantic V2.0 to be removed in V3.0. See Pydantic V2 Migration Guide at https://errors.pydantic.dev/2.12/migration/
    class Snapshot(BaseModel):

-- Docs: https://docs.pytest.org/en/stable/how-to/capture-warnings.html
=========================== short test summary info ===========================
FAILED tests/test_hardening.py::TestHardening::test_main_enforces_timeout - M...
ERROR tests/test_hardening.py::TestHardening::test_safe_mode_blocks_destructive
=================== 1 failed, 5 warnings, 1 error in 12.95s ===================
